[INFO] Scanning for projects...
[INFO] 
[INFO] --------------------------< com:LonelyBlock >---------------------------
[INFO] Building LonelyBlock 1.0
[INFO]   from pom.xml
[INFO] --------------------------------[ jar ]---------------------------------
[INFO] 
[INFO] --- resources:3.4.0:resources (default-resources) @ LonelyBlock ---
[INFO] Copying 2 resources from src\main\resources to target\classes
[INFO] 
[INFO] --- compiler:3.8.1:compile (default-compile) @ LonelyBlock ---
[INFO] Nothing to compile - all classes are up to date
[INFO] 
[INFO] --- resources:3.4.0:testResources (default-testResources) @ LonelyBlock ---
[INFO] skip non existing resourceDirectory C:\Users\wqj32\IdeaProjects\LonelyBlock\src\test\resources
[INFO] 
[INFO] --- compiler:3.8.1:testCompile (default-testCompile) @ LonelyBlock ---
[INFO] No sources to compile
[INFO] 
[INFO] --- surefire:3.5.4:test (default-test) @ LonelyBlock ---
[INFO] No tests to run.
[INFO] 
[INFO] --- jar:3.5.0:jar (default-jar) @ LonelyBlock ---
[INFO] 
[INFO] --- shade:3.2.4:shade (default) @ LonelyBlock ---
[INFO] Replacing original artifact with shaded artifact.
[INFO] Replacing C:\Users\wqj32\IdeaProjects\LonelyBlock\target\LonelyBlock-1.0.jar with C:\Users\wqj32\IdeaProjects\LonelyBlock\target\LonelyBlock-1.0-shaded.jar
[INFO] ------------------------------------------------------------------------
[INFO] BUILD SUCCESS
[INFO] ------------------------------------------------------------------------
[INFO] Total time:  7.578 s
[INFO] Finished at: 2026-07-15T12:17:36+08:00
[INFO] ------------------------------------------------------------------------
